in_source: |-
  setq one 1
    setq two 2
    setq sum 2
    setq old 0
    (while (> 1000000 two)
    (old two
    (two (+ one two))
    one old)
    (if (= 0 (mod two 2))
    (sum (+ sum two))))
    (print_int sum)
in_stdin: |-
  Ivan0
out_code: |-
  [{"index": 1, "opcode": "LD", "register": "R1", "arg": 1},
   {"index": 2, "opcode": "LD", "register": "R2", "arg": 2},
   {"index": 3, "opcode": "LD", "register": "R3", "arg": 2},
   {"index": 4, "opcode": "LD", "register": "R4", "arg": 0},
   {"index": 5, "opcode": "LD", "register": "R5", "arg": 1000000},
   {"index": 6, "opcode": "CMP", "register": "R5", "arg": "R2"},
   {"index": 7, "opcode": "JG", "arg": 24},
   {"index": 8, "opcode": "LD", "register": "R4", "arg": "R2"},
   {"index": 9, "opcode": "ADD", "register": "R6", "arg": ["R1", "R2"]},
   {"index": 10, "opcode": "LD", "register": "R10", "arg": "R6"},
   {"index": 11, "opcode": "LD", "register": "R2", "arg": "R10"},
   {"index": 12, "opcode": "LD", "register": "R1", "arg": "R4"},
   {"index": 13, "opcode": "LD", "register": "R6", "arg": 0},
   {"index": 14, "opcode": "LD", "register": "R10", "arg": 0},
   {"index": 15, "opcode": "LD", "register": "R7", "arg": 2},
   {"index": 16, "opcode": "MOD", "register": "R8", "arg": ["R2", "R7"]},
   {"index": 17, "opcode": "LD", "register": "R10", "arg": "R8"},
   {"index": 18, "opcode": "CMP", "register": "R6", "arg": "R10"},
   {"index": 19, "opcode": "JE", "arg": 23},
   {"index": 20, "opcode": "ADD", "register": "R8", "arg": ["R3", "R2"]},
   {"index": 21, "opcode": "LD", "register": "R10", "arg": "R8"},
   {"index": 22, "opcode": "LD", "register": "R3", "arg": "R10"},
   {"index": 23, "opcode": "JMP", "arg": 5},
   {"index": 24, "opcode": "OUT", "register": "R3", "type": "value"},
   {"index": 25, "opcode": "HLT"}]
out_stdout: |
  source LoC: 11 code instr: 25
  ============================================================
  1089154
  instr_counter:  483 ticks: 483
out_log: |
  DEBUG   machine:simulation    TICK:   0 PC:   0 ALU: 0 	LD R1
  DEBUG   machine:simulation    TICK:   1 PC:   1 ALU: 0 	LD R2
  DEBUG   machine:simulation    TICK:   2 PC:   2 ALU: 0 	LD R3
  DEBUG   machine:simulation    TICK:   3 PC:   3 ALU: 0 	LD R4
  DEBUG   machine:simulation    TICK:   4 PC:   4 ALU: 0 	LD R5
  DEBUG   machine:simulation    TICK:   5 PC:   5 ALU: 0 	CMP R5
  DEBUG   machine:simulation    TICK:   6 PC:   6 ALU: 1000000 	JG
  DEBUG   machine:simulation    TICK:   7 PC:   7 ALU: 1000000 	LD R4
  DEBUG   machine:simulation    TICK:   8 PC:   8 ALU: 1000000 	ADD R6
  DEBUG   machine:simulation    TICK:   9 PC:   9 ALU: 1000000 	LD R10
  DEBUG   machine:simulation    TICK:  10 PC:  10 ALU: 1000000 	LD R2
  DEBUG   machine:simulation    TICK:  11 PC:  11 ALU: 1000000 	LD R1
  DEBUG   machine:simulation    TICK:  12 PC:  12 ALU: 1000000 	LD R6
  DEBUG   machine:simulation    TICK:  13 PC:  13 ALU: 1000000 	LD R10
  DEBUG   machine:simulation    TICK:  14 PC:  14 ALU: 1000000 	LD R7
  DEBUG   machine:simulation    TICK:  15 PC:  15 ALU: 1000000 	MOD R8
  DEBUG   machine:simulation    TICK:  16 PC:  16 ALU: 1000000 	LD R10
  DEBUG   machine:simulation    TICK:  17 PC:  17 ALU: 1000000 	CMP R6
  DEBUG   machine:simulation    TICK:  18 PC:  18 ALU: 0 	JE
  DEBUG   machine:simulation    TICK:  19 PC:  22 ALU: 0 	JMP
  DEBUG   machine:simulation    TICK:  20 PC:   4 ALU: 0 	LD R5
  DEBUG   machine:simulation    TICK:  21 PC:   5 ALU: 0 	CMP R5
  DEBUG   machine:simulation    TICK:  22 PC:   6 ALU: 1000000 	JG
  DEBUG   machine:simulation    TICK:  23 PC:   7 ALU: 1000000 	LD R4
  DEBUG   machine:simulation    TICK:  24 PC:   8 ALU: 1000000 	ADD R6
  DEBUG   machine:simulation    TICK:  25 PC:   9 ALU: 1000000 	LD R10
  DEBUG   machine:simulation    TICK:  26 PC:  10 ALU: 1000000 	LD R2
  DEBUG   machine:simulation    TICK:  27 PC:  11 ALU: 1000000 	LD R1
  DEBUG   machine:simulation    TICK:  28 PC:  12 ALU: 1000000 	LD R6
  DEBUG   machine:simulation    TICK:  29 PC:  13 ALU: 1000000 	LD R10
  DEBUG   machine:simulation    TICK:  30 PC:  14 ALU: 1000000 	LD R7
  DEBUG   machine:simulation    TICK:  31 PC:  15 ALU: 1000000 	MOD R8
  DEBUG   machine:simulation    TICK:  32 PC:  16 ALU: 1000000 	LD R10
  DEBUG   machine:simulation    TICK:  33 PC:  17 ALU: 1000000 	CMP R6
  DEBUG   machine:simulation    TICK:  34 PC:  18 ALU: 0 	JE
  DEBUG   machine:simulation    TICK:  35 PC:  22 ALU: 0 	JMP
  DEBUG   machine:simulation    TICK:  36 PC:   4 ALU: 0 	LD R5
  DEBUG   machine:simulation    TICK:  37 PC:   5 ALU: 0 	CMP R5
  DEBUG   machine:simulation    TICK:  38 PC:   6 ALU: 1000000 	JG
  DEBUG   machine:simulation    TICK:  39 PC:   7 ALU: 1000000 	LD R4
  DEBUG   machine:simulation    TICK:  40 PC:   8 ALU: 1000000 	ADD R6
  DEBUG   machine:simulation    TICK:  41 PC:   9 ALU: 1000000 	LD R10
  DEBUG   machine:simulation    TICK:  42 PC:  10 ALU: 1000000 	LD R2
  DEBUG   machine:simulation    TICK:  43 PC:  11 ALU: 1000000 	LD R1
  DEBUG   machine:simulation    TICK:  44 PC:  12 ALU: 1000000 	LD R6
  DEBUG   machine:simulation    TICK:  45 PC:  13 ALU: 1000000 	LD R10
  DEBUG   machine:simulation    TICK:  46 PC:  14 ALU: 1000000 	LD R7
  DEBUG   machine:simulation    TICK:  47 PC:  15 ALU: 1000000 	MOD R8
  DEBUG   machine:simulation    TICK:  48 PC:  16 ALU: 1000000 	LD R10
  DEBUG   machine:simulation    TICK:  49 PC:  17 ALU: 1000000 	CMP R6
  DEBUG   machine:simulation    TICK:  50 PC:  18 ALU: 0 	JE
  DEBUG   machine:simulation    TICK:  51 PC:  19 ALU: 0 	ADD R8
  DEBUG   machine:simulation    TICK:  52 PC:  20 ALU: 0 	LD R10
  DEBUG   machine:simulation    TICK:  53 PC:  21 ALU: 0 	LD R3
  DEBUG   machine:simulation    TICK:  54 PC:  22 ALU: 0 	JMP
  DEBUG   machine:simulation    TICK:  55 PC:   4 ALU: 0 	LD R5
  DEBUG   machine:simulation    TICK:  56 PC:   5 ALU: 0 	CMP R5
  DEBUG   machine:simulation    TICK:  57 PC:   6 ALU: 1000000 	JG
  DEBUG   machine:simulation    TICK:  58 PC:   7 ALU: 1000000 	LD R4
  DEBUG   machine:simulation    TICK:  59 PC:   8 ALU: 1000000 	ADD R6
  DEBUG   machine:simulation    TICK:  60 PC:   9 ALU: 1000000 	LD R10
  DEBUG   machine:simulation    TICK:  61 PC:  10 ALU: 1000000 	LD R2
  DEBUG   machine:simulation    TICK:  62 PC:  11 ALU: 1000000 	LD R1
  DEBUG   machine:simulation    TICK:  63 PC:  12 ALU: 1000000 	LD R6
  DEBUG   machine:simulation    TICK:  64 PC:  13 ALU: 1000000 	LD R10
  DEBUG   machine:simulation    TICK:  65 PC:  14 ALU: 1000000 	LD R7
  DEBUG   machine:simulation    TICK:  66 PC:  15 ALU: 1000000 	MOD R8
  DEBUG   machine:simulation    TICK:  67 PC:  16 ALU: 1000000 	LD R10
  DEBUG   machine:simulation    TICK:  68 PC:  17 ALU: 1000000 	CMP R6
  DEBUG   machine:simulation    TICK:  69 PC:  18 ALU: 0 	JE
  DEBUG   machine:simulation    TICK:  70 PC:  22 ALU: 0 	JMP
  DEBUG   machine:simulation    TICK:  71 PC:   4 ALU: 0 	LD R5
  DEBUG   machine:simulation    TICK:  72 PC:   5 ALU: 0 	CMP R5
  DEBUG   machine:simulation    TICK:  73 PC:   6 ALU: 1000000 	JG
  DEBUG   machine:simulation    TICK:  74 PC:   7 ALU: 1000000 	LD R4
  DEBUG   machine:simulation    TICK:  75 PC:   8 ALU: 1000000 	ADD R6
  DEBUG   machine:simulation    TICK:  76 PC:   9 ALU: 1000000 	LD R10
  DEBUG   machine:simulation    TICK:  77 PC:  10 ALU: 1000000 	LD R2
  DEBUG   machine:simulation    TICK:  78 PC:  11 ALU: 1000000 	LD R1
  DEBUG   machine:simulation    TICK:  79 PC:  12 ALU: 1000000 	LD R6
  DEBUG   machine:simulation    TICK:  80 PC:  13 ALU: 1000000 	LD R10
  DEBUG   machine:simulation    TICK:  81 PC:  14 ALU: 1000000 	LD R7
  DEBUG   machine:simulation    TICK:  82 PC:  15 ALU: 1000000 	MOD R8
  DEBUG   machine:simulation    TICK:  83 PC:  16 ALU: 1000000 	LD R10
  DEBUG   machine:simulation    TICK:  84 PC:  17 ALU: 1000000 	CMP R6
  DEBUG   machine:simulation    TICK:  85 PC:  18 ALU: 0 	JE
  DEBUG   machine:simulation    TICK:  86 PC:  22 ALU: 0 	JMP
  DEBUG   machine:simulation    TICK:  87 PC:   4 ALU: 0 	LD R5
  DEBUG   machine:simulation    TICK:  88 PC:   5 ALU: 0 	CMP R5
  DEBUG   machine:simulation    TICK:  89 PC:   6 ALU: 1000000 	JG
  DEBUG   machine:simulation    TICK:  90 PC:   7 ALU: 1000000 	LD R4
  DEBUG   machine:simulation    TICK:  91 PC:   8 ALU: 1000000 	ADD R6
  DEBUG   machine:simulation    TICK:  92 PC:   9 ALU: 1000000 	LD R10
  DEBUG   machine:simulation    TICK:  93 PC:  10 ALU: 1000000 	LD R2
  DEBUG   machine:simulation    TICK:  94 PC:  11 ALU: 1000000 	LD R1
  DEBUG   machine:simulation    TICK:  95 PC:  12 ALU: 1000000 	LD R6
  DEBUG   machine:simulation    TICK:  96 PC:  13 ALU: 1000000 	LD R10
  DEBUG   machine:simulation    TICK:  97 PC:  14 ALU: 1000000 	LD R7
  DEBUG   machine:simulation    TICK:  98 PC:  15 ALU: 1000000 	MOD R8
  DEBUG   machine:simulation    TICK:  99 PC:  16 ALU: 1000000 	LD R10
  DEBUG   machine:simulation    TICK: 100 PC:  17 ALU: 1000000 	CMP R6
  DEBUG   machine:simulation    TICK: 101 PC:  18 ALU: 0 	JE
  DEBUG   machine:simulation    TICK: 102 PC:  19 ALU: 0 	ADD R8
  DEBUG   machine:simulation    TICK: 103 PC:  20 ALU: 0 	LD R10
  DEBUG   machine:simulation    TICK: 104 PC:  21 ALU: 0 	LD R3
  DEBUG   machine:simulation    TICK: 105 PC:  22 ALU: 0 	JMP
  DEBUG   machine:simulation    TICK: 106 PC:   4 ALU: 0 	LD R5
  DEBUG   machine:simulation    TICK: 107 PC:   5 ALU: 0 	CMP R5
  DEBUG   machine:simulation    TICK: 108 PC:   6 ALU: 1000000 	JG
  DEBUG   machine:simulation    TICK: 109 PC:   7 ALU: 1000000 	LD R4
  DEBUG   machine:simulation    TICK: 110 PC:   8 ALU: 1000000 	ADD R6
  DEBUG   machine:simulation    TICK: 111 PC:   9 ALU: 1000000 	LD R10
  DEBUG   machine:simulation    TICK: 112 PC:  10 ALU: 1000000 	LD R2
  DEBUG   machine:simulation    TICK: 113 PC:  11 ALU: 1000000 	LD R1
  DEBUG   machine:simulation    TICK: 114 PC:  12 ALU: 1000000 	LD R6
  DEBUG   machine:simulation    TICK: 115 PC:  13 ALU: 1000000 	LD R10
  DEBUG   machine:simulation    TICK: 116 PC:  14 ALU: 1000000 	LD R7
  DEBUG   machine:simulation    TICK: 117 PC:  15 ALU: 1000000 	MOD R8
  DEBUG   machine:simulation    TICK: 118 PC:  16 ALU: 1000000 	LD R10
  DEBUG   machine:simulation    TICK: 119 PC:  17 ALU: 1000000 	CMP R6
  DEBUG   machine:simulation    TICK: 120 PC:  18 ALU: 0 	JE
  DEBUG   machine:simulation    TICK: 121 PC:  22 ALU: 0 	JMP
  DEBUG   machine:simulation    TICK: 122 PC:   4 ALU: 0 	LD R5
  DEBUG   machine:simulation    TICK: 123 PC:   5 ALU: 0 	CMP R5
  DEBUG   machine:simulation    TICK: 124 PC:   6 ALU: 1000000 	JG
  DEBUG   machine:simulation    TICK: 125 PC:   7 ALU: 1000000 	LD R4
  DEBUG   machine:simulation    TICK: 126 PC:   8 ALU: 1000000 	ADD R6
  DEBUG   machine:simulation    TICK: 127 PC:   9 ALU: 1000000 	LD R10
  DEBUG   machine:simulation    TICK: 128 PC:  10 ALU: 1000000 	LD R2
  DEBUG   machine:simulation    TICK: 129 PC:  11 ALU: 1000000 	LD R1
  DEBUG   machine:simulation    TICK: 130 PC:  12 ALU: 1000000 	LD R6
  DEBUG   machine:simulation    TICK: 131 PC:  13 ALU: 1000000 	LD R10
  DEBUG   machine:simulation    TICK: 132 PC:  14 ALU: 1000000 	LD R7
  DEBUG   machine:simulation    TICK: 133 PC:  15 ALU: 1000000 	MOD R8
  DEBUG   machine:simulation    TICK: 134 PC:  16 ALU: 1000000 	LD R10
  DEBUG   machine:simulation    TICK: 135 PC:  17 ALU: 1000000 	CMP R6
  DEBUG   machine:simulation    TICK: 136 PC:  18 ALU: 0 	JE
  DEBUG   machine:simulation    TICK: 137 PC:  22 ALU: 0 	JMP
  DEBUG   machine:simulation    TICK: 138 PC:   4 ALU: 0 	LD R5
  DEBUG   machine:simulation    TICK: 139 PC:   5 ALU: 0 	CMP R5
  DEBUG   machine:simulation    TICK: 140 PC:   6 ALU: 1000000 	JG
  DEBUG   machine:simulation    TICK: 141 PC:   7 ALU: 1000000 	LD R4
  DEBUG   machine:simulation    TICK: 142 PC:   8 ALU: 1000000 	ADD R6
  DEBUG   machine:simulation    TICK: 143 PC:   9 ALU: 1000000 	LD R10
  DEBUG   machine:simulation    TICK: 144 PC:  10 ALU: 1000000 	LD R2
  DEBUG   machine:simulation    TICK: 145 PC:  11 ALU: 1000000 	LD R1
  DEBUG   machine:simulation    TICK: 146 PC:  12 ALU: 1000000 	LD R6
  DEBUG   machine:simulation    TICK: 147 PC:  13 ALU: 1000000 	LD R10
  DEBUG   machine:simulation    TICK: 148 PC:  14 ALU: 1000000 	LD R7
  DEBUG   machine:simulation    TICK: 149 PC:  15 ALU: 1000000 	MOD R8
  DEBUG   machine:simulation    TICK: 150 PC:  16 ALU: 1000000 	LD R10
  DEBUG   machine:simulation    TICK: 151 PC:  17 ALU: 1000000 	CMP R6
  DEBUG   machine:simulation    TICK: 152 PC:  18 ALU: 0 	JE
  DEBUG   machine:simulation    TICK: 153 PC:  19 ALU: 0 	ADD R8
  DEBUG   machine:simulation    TICK: 154 PC:  20 ALU: 0 	LD R10
  DEBUG   machine:simulation    TICK: 155 PC:  21 ALU: 0 	LD R3
  DEBUG   machine:simulation    TICK: 156 PC:  22 ALU: 0 	JMP
  DEBUG   machine:simulation    TICK: 157 PC:   4 ALU: 0 	LD R5
  DEBUG   machine:simulation    TICK: 158 PC:   5 ALU: 0 	CMP R5
  DEBUG   machine:simulation    TICK: 159 PC:   6 ALU: 1000000 	JG
  DEBUG   machine:simulation    TICK: 160 PC:   7 ALU: 1000000 	LD R4
  DEBUG   machine:simulation    TICK: 161 PC:   8 ALU: 1000000 	ADD R6
  DEBUG   machine:simulation    TICK: 162 PC:   9 ALU: 1000000 	LD R10
  DEBUG   machine:simulation    TICK: 163 PC:  10 ALU: 1000000 	LD R2
  DEBUG   machine:simulation    TICK: 164 PC:  11 ALU: 1000000 	LD R1
  DEBUG   machine:simulation    TICK: 165 PC:  12 ALU: 1000000 	LD R6
  DEBUG   machine:simulation    TICK: 166 PC:  13 ALU: 1000000 	LD R10
  DEBUG   machine:simulation    TICK: 167 PC:  14 ALU: 1000000 	LD R7
  DEBUG   machine:simulation    TICK: 168 PC:  15 ALU: 1000000 	MOD R8
  DEBUG   machine:simulation    TICK: 169 PC:  16 ALU: 1000000 	LD R10
  DEBUG   machine:simulation    TICK: 170 PC:  17 ALU: 1000000 	CMP R6
  DEBUG   machine:simulation    TICK: 171 PC:  18 ALU: 0 	JE
  DEBUG   machine:simulation    TICK: 172 PC:  22 ALU: 0 	JMP
  DEBUG   machine:simulation    TICK: 173 PC:   4 ALU: 0 	LD R5
  DEBUG   machine:simulation    TICK: 174 PC:   5 ALU: 0 	CMP R5
  DEBUG   machine:simulation    TICK: 175 PC:   6 ALU: 1000000 	JG
  DEBUG   machine:simulation    TICK: 176 PC:   7 ALU: 1000000 	LD R4
  DEBUG   machine:simulation    TICK: 177 PC:   8 ALU: 1000000 	ADD R6
  DEBUG   machine:simulation    TICK: 178 PC:   9 ALU: 1000000 	LD R10
  DEBUG   machine:simulation    TICK: 179 PC:  10 ALU: 1000000 	LD R2
  DEBUG   machine:simulation    TICK: 180 PC:  11 ALU: 1000000 	LD R1
  DEBUG   machine:simulation    TICK: 181 PC:  12 ALU: 1000000 	LD R6
  DEBUG   machine:simulation    TICK: 182 PC:  13 ALU: 1000000 	LD R10
  DEBUG   machine:simulation    TICK: 183 PC:  14 ALU: 1000000 	LD R7
  DEBUG   machine:simulation    TICK: 184 PC:  15 ALU: 1000000 	MOD R8
  DEBUG   machine:simulation    TICK: 185 PC:  16 ALU: 1000000 	LD R10
  DEBUG   machine:simulation    TICK: 186 PC:  17 ALU: 1000000 	CMP R6
  DEBUG   machine:simulation    TICK: 187 PC:  18 ALU: 0 	JE
  DEBUG   machine:simulation    TICK: 188 PC:  22 ALU: 0 	JMP
  DEBUG   machine:simulation    TICK: 189 PC:   4 ALU: 0 	LD R5
  DEBUG   machine:simulation    TICK: 190 PC:   5 ALU: 0 	CMP R5
  DEBUG   machine:simulation    TICK: 191 PC:   6 ALU: 1000000 	JG
  DEBUG   machine:simulation    TICK: 192 PC:   7 ALU: 1000000 	LD R4
  DEBUG   machine:simulation    TICK: 193 PC:   8 ALU: 1000000 	ADD R6
  DEBUG   machine:simulation    TICK: 194 PC:   9 ALU: 1000000 	LD R10
  DEBUG   machine:simulation    TICK: 195 PC:  10 ALU: 1000000 	LD R2
  DEBUG   machine:simulation    TICK: 196 PC:  11 ALU: 1000000 	LD R1
  DEBUG   machine:simulation    TICK: 197 PC:  12 ALU: 1000000 	LD R6
  DEBUG   machine:simulation    TICK: 198 PC:  13 ALU: 1000000 	LD R10
  DEBUG   machine:simulation    TICK: 199 PC:  14 ALU: 1000000 	LD R7
  DEBUG   machine:simulation    TICK: 200 PC:  15 ALU: 1000000 	MOD R8
  DEBUG   machine:simulation    TICK: 201 PC:  16 ALU: 1000000 	LD R10
  DEBUG   machine:simulation    TICK: 202 PC:  17 ALU: 1000000 	CMP R6
  DEBUG   machine:simulation    TICK: 203 PC:  18 ALU: 0 	JE
  DEBUG   machine:simulation    TICK: 204 PC:  19 ALU: 0 	ADD R8
  DEBUG   machine:simulation    TICK: 205 PC:  20 ALU: 0 	LD R10
  DEBUG   machine:simulation    TICK: 206 PC:  21 ALU: 0 	LD R3
  DEBUG   machine:simulation    TICK: 207 PC:  22 ALU: 0 	JMP
  DEBUG   machine:simulation    TICK: 208 PC:   4 ALU: 0 	LD R5
  DEBUG   machine:simulation    TICK: 209 PC:   5 ALU: 0 	CMP R5
  DEBUG   machine:simulation    TICK: 210 PC:   6 ALU: 1000000 	JG
  DEBUG   machine:simulation    TICK: 211 PC:   7 ALU: 1000000 	LD R4
  DEBUG   machine:simulation    TICK: 212 PC:   8 ALU: 1000000 	ADD R6
  DEBUG   machine:simulation    TICK: 213 PC:   9 ALU: 1000000 	LD R10
  DEBUG   machine:simulation    TICK: 214 PC:  10 ALU: 1000000 	LD R2
  DEBUG   machine:simulation    TICK: 215 PC:  11 ALU: 1000000 	LD R1
  DEBUG   machine:simulation    TICK: 216 PC:  12 ALU: 1000000 	LD R6
  DEBUG   machine:simulation    TICK: 217 PC:  13 ALU: 1000000 	LD R10
  DEBUG   machine:simulation    TICK: 218 PC:  14 ALU: 1000000 	LD R7
  DEBUG   machine:simulation    TICK: 219 PC:  15 ALU: 1000000 	MOD R8
  DEBUG   machine:simulation    TICK: 220 PC:  16 ALU: 1000000 	LD R10
  DEBUG   machine:simulation    TICK: 221 PC:  17 ALU: 1000000 	CMP R6
  DEBUG   machine:simulation    TICK: 222 PC:  18 ALU: 0 	JE
  DEBUG   machine:simulation    TICK: 223 PC:  22 ALU: 0 	JMP
  DEBUG   machine:simulation    TICK: 224 PC:   4 ALU: 0 	LD R5
  DEBUG   machine:simulation    TICK: 225 PC:   5 ALU: 0 	CMP R5
  DEBUG   machine:simulation    TICK: 226 PC:   6 ALU: 1000000 	JG
  DEBUG   machine:simulation    TICK: 227 PC:   7 ALU: 1000000 	LD R4
  DEBUG   machine:simulation    TICK: 228 PC:   8 ALU: 1000000 	ADD R6
  DEBUG   machine:simulation    TICK: 229 PC:   9 ALU: 1000000 	LD R10
  DEBUG   machine:simulation    TICK: 230 PC:  10 ALU: 1000000 	LD R2
  DEBUG   machine:simulation    TICK: 231 PC:  11 ALU: 1000000 	LD R1
  DEBUG   machine:simulation    TICK: 232 PC:  12 ALU: 1000000 	LD R6
  DEBUG   machine:simulation    TICK: 233 PC:  13 ALU: 1000000 	LD R10
  DEBUG   machine:simulation    TICK: 234 PC:  14 ALU: 1000000 	LD R7
  DEBUG   machine:simulation    TICK: 235 PC:  15 ALU: 1000000 	MOD R8
  DEBUG   machine:simulation    TICK: 236 PC:  16 ALU: 1000000 	LD R10
  DEBUG   machine:simulation    TICK: 237 PC:  17 ALU: 1000000 	CMP R6
  DEBUG   machine:simulation    TICK: 238 PC:  18 ALU: 0 	JE
  DEBUG   machine:simulation    TICK: 239 PC:  22 ALU: 0 	JMP
  DEBUG   machine:simulation    TICK: 240 PC:   4 ALU: 0 	LD R5
  DEBUG   machine:simulation    TICK: 241 PC:   5 ALU: 0 	CMP R5
  DEBUG   machine:simulation    TICK: 242 PC:   6 ALU: 1000000 	JG
  DEBUG   machine:simulation    TICK: 243 PC:   7 ALU: 1000000 	LD R4
  DEBUG   machine:simulation    TICK: 244 PC:   8 ALU: 1000000 	ADD R6
  DEBUG   machine:simulation    TICK: 245 PC:   9 ALU: 1000000 	LD R10
  DEBUG   machine:simulation    TICK: 246 PC:  10 ALU: 1000000 	LD R2
  DEBUG   machine:simulation    TICK: 247 PC:  11 ALU: 1000000 	LD R1
  DEBUG   machine:simulation    TICK: 248 PC:  12 ALU: 1000000 	LD R6
  DEBUG   machine:simulation    TICK: 249 PC:  13 ALU: 1000000 	LD R10
  DEBUG   machine:simulation    TICK: 250 PC:  14 ALU: 1000000 	LD R7
  DEBUG   machine:simulation    TICK: 251 PC:  15 ALU: 1000000 	MOD R8
  DEBUG   machine:simulation    TICK: 252 PC:  16 ALU: 1000000 	LD R10
  DEBUG   machine:simulation    TICK: 253 PC:  17 ALU: 1000000 	CMP R6
  DEBUG   machine:simulation    TICK: 254 PC:  18 ALU: 0 	JE
  DEBUG   machine:simulation    TICK: 255 PC:  19 ALU: 0 	ADD R8
  DEBUG   machine:simulation    TICK: 256 PC:  20 ALU: 0 	LD R10
  DEBUG   machine:simulation    TICK: 257 PC:  21 ALU: 0 	LD R3
  DEBUG   machine:simulation    TICK: 258 PC:  22 ALU: 0 	JMP
  DEBUG   machine:simulation    TICK: 259 PC:   4 ALU: 0 	LD R5
  DEBUG   machine:simulation    TICK: 260 PC:   5 ALU: 0 	CMP R5
  DEBUG   machine:simulation    TICK: 261 PC:   6 ALU: 1000000 	JG
  DEBUG   machine:simulation    TICK: 262 PC:   7 ALU: 1000000 	LD R4
  DEBUG   machine:simulation    TICK: 263 PC:   8 ALU: 1000000 	ADD R6
  DEBUG   machine:simulation    TICK: 264 PC:   9 ALU: 1000000 	LD R10
  DEBUG   machine:simulation    TICK: 265 PC:  10 ALU: 1000000 	LD R2
  DEBUG   machine:simulation    TICK: 266 PC:  11 ALU: 1000000 	LD R1
  DEBUG   machine:simulation    TICK: 267 PC:  12 ALU: 1000000 	LD R6
  DEBUG   machine:simulation    TICK: 268 PC:  13 ALU: 1000000 	LD R10
  DEBUG   machine:simulation    TICK: 269 PC:  14 ALU: 1000000 	LD R7
  DEBUG   machine:simulation    TICK: 270 PC:  15 ALU: 1000000 	MOD R8
  DEBUG   machine:simulation    TICK: 271 PC:  16 ALU: 1000000 	LD R10
  DEBUG   machine:simulation    TICK: 272 PC:  17 ALU: 1000000 	CMP R6
  DEBUG   machine:simulation    TICK: 273 PC:  18 ALU: 0 	JE
  DEBUG   machine:simulation    TICK: 274 PC:  22 ALU: 0 	JMP
  DEBUG   machine:simulation    TICK: 275 PC:   4 ALU: 0 	LD R5
  DEBUG   machine:simulation    TICK: 276 PC:   5 ALU: 0 	CMP R5
  DEBUG   machine:simulation    TICK: 277 PC:   6 ALU: 1000000 	JG
  DEBUG   machine:simulation    TICK: 278 PC:   7 ALU: 1000000 	LD R4
  DEBUG   machine:simulation    TICK: 279 PC:   8 ALU: 1000000 	ADD R6
  DEBUG   machine:simulation    TICK: 280 PC:   9 ALU: 1000000 	LD R10
  DEBUG   machine:simulation    TICK: 281 PC:  10 ALU: 1000000 	LD R2
  DEBUG   machine:simulation    TICK: 282 PC:  11 ALU: 1000000 	LD R1
  DEBUG   machine:simulation    TICK: 283 PC:  12 ALU: 1000000 	LD R6
  DEBUG   machine:simulation    TICK: 284 PC:  13 ALU: 1000000 	LD R10
  DEBUG   machine:simulation    TICK: 285 PC:  14 ALU: 1000000 	LD R7
  DEBUG   machine:simulation    TICK: 286 PC:  15 ALU: 1000000 	MOD R8
  DEBUG   machine:simulation    TICK: 287 PC:  16 ALU: 1000000 	LD R10
  DEBUG   machine:simulation    TICK: 288 PC:  17 ALU: 1000000 	CMP R6
  DEBUG   machine:simulation    TICK: 289 PC:  18 ALU: 0 	JE
  DEBUG   machine:simulation    TICK: 290 PC:  22 ALU: 0 	JMP
  DEBUG   machine:simulation    TICK: 291 PC:   4 ALU: 0 	LD R5
  DEBUG   machine:simulation    TICK: 292 PC:   5 ALU: 0 	CMP R5
  DEBUG   machine:simulation    TICK: 293 PC:   6 ALU: 1000000 	JG
  DEBUG   machine:simulation    TICK: 294 PC:   7 ALU: 1000000 	LD R4
  DEBUG   machine:simulation    TICK: 295 PC:   8 ALU: 1000000 	ADD R6
  DEBUG   machine:simulation    TICK: 296 PC:   9 ALU: 1000000 	LD R10
  DEBUG   machine:simulation    TICK: 297 PC:  10 ALU: 1000000 	LD R2
  DEBUG   machine:simulation    TICK: 298 PC:  11 ALU: 1000000 	LD R1
  DEBUG   machine:simulation    TICK: 299 PC:  12 ALU: 1000000 	LD R6
  DEBUG   machine:simulation    TICK: 300 PC:  13 ALU: 1000000 	LD R10
  DEBUG   machine:simulation    TICK: 301 PC:  14 ALU: 1000000 	LD R7
  DEBUG   machine:simulation    TICK: 302 PC:  15 ALU: 1000000 	MOD R8
  DEBUG   machine:simulation    TICK: 303 PC:  16 ALU: 1000000 	LD R10
  DEBUG   machine:simulation    TICK: 304 PC:  17 ALU: 1000000 	CMP R6
  DEBUG   machine:simulation    TICK: 305 PC:  18 ALU: 0 	JE
  DEBUG   machine:simulation    TICK: 306 PC:  19 ALU: 0 	ADD R8
  DEBUG   machine:simulation    TICK: 307 PC:  20 ALU: 0 	LD R10
  DEBUG   machine:simulation    TICK: 308 PC:  21 ALU: 0 	LD R3
  DEBUG   machine:simulation    TICK: 309 PC:  22 ALU: 0 	JMP
  DEBUG   machine:simulation    TICK: 310 PC:   4 ALU: 0 	LD R5
  DEBUG   machine:simulation    TICK: 311 PC:   5 ALU: 0 	CMP R5
  DEBUG   machine:simulation    TICK: 312 PC:   6 ALU: 1000000 	JG
  DEBUG   machine:simulation    TICK: 313 PC:   7 ALU: 1000000 	LD R4
  DEBUG   machine:simulation    TICK: 314 PC:   8 ALU: 1000000 	ADD R6
  DEBUG   machine:simulation    TICK: 315 PC:   9 ALU: 1000000 	LD R10
  DEBUG   machine:simulation    TICK: 316 PC:  10 ALU: 1000000 	LD R2
  DEBUG   machine:simulation    TICK: 317 PC:  11 ALU: 1000000 	LD R1
  DEBUG   machine:simulation    TICK: 318 PC:  12 ALU: 1000000 	LD R6
  DEBUG   machine:simulation    TICK: 319 PC:  13 ALU: 1000000 	LD R10
  DEBUG   machine:simulation    TICK: 320 PC:  14 ALU: 1000000 	LD R7
  DEBUG   machine:simulation    TICK: 321 PC:  15 ALU: 1000000 	MOD R8
  DEBUG   machine:simulation    TICK: 322 PC:  16 ALU: 1000000 	LD R10
  DEBUG   machine:simulation    TICK: 323 PC:  17 ALU: 1000000 	CMP R6
  DEBUG   machine:simulation    TICK: 324 PC:  18 ALU: 0 	JE
  DEBUG   machine:simulation    TICK: 325 PC:  22 ALU: 0 	JMP
  DEBUG   machine:simulation    TICK: 326 PC:   4 ALU: 0 	LD R5
  DEBUG   machine:simulation    TICK: 327 PC:   5 ALU: 0 	CMP R5
  DEBUG   machine:simulation    TICK: 328 PC:   6 ALU: 1000000 	JG
  DEBUG   machine:simulation    TICK: 329 PC:   7 ALU: 1000000 	LD R4
  DEBUG   machine:simulation    TICK: 330 PC:   8 ALU: 1000000 	ADD R6
  DEBUG   machine:simulation    TICK: 331 PC:   9 ALU: 1000000 	LD R10
  DEBUG   machine:simulation    TICK: 332 PC:  10 ALU: 1000000 	LD R2
  DEBUG   machine:simulation    TICK: 333 PC:  11 ALU: 1000000 	LD R1
  DEBUG   machine:simulation    TICK: 334 PC:  12 ALU: 1000000 	LD R6
  DEBUG   machine:simulation    TICK: 335 PC:  13 ALU: 1000000 	LD R10
  DEBUG   machine:simulation    TICK: 336 PC:  14 ALU: 1000000 	LD R7
  DEBUG   machine:simulation    TICK: 337 PC:  15 ALU: 1000000 	MOD R8
  DEBUG   machine:simulation    TICK: 338 PC:  16 ALU: 1000000 	LD R10
  DEBUG   machine:simulation    TICK: 339 PC:  17 ALU: 1000000 	CMP R6
  DEBUG   machine:simulation    TICK: 340 PC:  18 ALU: 0 	JE
  DEBUG   machine:simulation    TICK: 341 PC:  22 ALU: 0 	JMP
  DEBUG   machine:simulation    TICK: 342 PC:   4 ALU: 0 	LD R5
  DEBUG   machine:simulation    TICK: 343 PC:   5 ALU: 0 	CMP R5
  DEBUG   machine:simulation    TICK: 344 PC:   6 ALU: 1000000 	JG
  DEBUG   machine:simulation    TICK: 345 PC:   7 ALU: 1000000 	LD R4
  DEBUG   machine:simulation    TICK: 346 PC:   8 ALU: 1000000 	ADD R6
  DEBUG   machine:simulation    TICK: 347 PC:   9 ALU: 1000000 	LD R10
  DEBUG   machine:simulation    TICK: 348 PC:  10 ALU: 1000000 	LD R2
  DEBUG   machine:simulation    TICK: 349 PC:  11 ALU: 1000000 	LD R1
  DEBUG   machine:simulation    TICK: 350 PC:  12 ALU: 1000000 	LD R6
  DEBUG   machine:simulation    TICK: 351 PC:  13 ALU: 1000000 	LD R10
  DEBUG   machine:simulation    TICK: 352 PC:  14 ALU: 1000000 	LD R7
  DEBUG   machine:simulation    TICK: 353 PC:  15 ALU: 1000000 	MOD R8
  DEBUG   machine:simulation    TICK: 354 PC:  16 ALU: 1000000 	LD R10
  DEBUG   machine:simulation    TICK: 355 PC:  17 ALU: 1000000 	CMP R6
  DEBUG   machine:simulation    TICK: 356 PC:  18 ALU: 0 	JE
  DEBUG   machine:simulation    TICK: 357 PC:  19 ALU: 0 	ADD R8
  DEBUG   machine:simulation    TICK: 358 PC:  20 ALU: 0 	LD R10
  DEBUG   machine:simulation    TICK: 359 PC:  21 ALU: 0 	LD R3
  DEBUG   machine:simulation    TICK: 360 PC:  22 ALU: 0 	JMP
  DEBUG   machine:simulation    TICK: 361 PC:   4 ALU: 0 	LD R5
  DEBUG   machine:simulation    TICK: 362 PC:   5 ALU: 0 	CMP R5
  DEBUG   machine:simulation    TICK: 363 PC:   6 ALU: 1000000 	JG
  DEBUG   machine:simulation    TICK: 364 PC:   7 ALU: 1000000 	LD R4
  DEBUG   machine:simulation    TICK: 365 PC:   8 ALU: 1000000 	ADD R6
  DEBUG   machine:simulation    TICK: 366 PC:   9 ALU: 1000000 	LD R10
  DEBUG   machine:simulation    TICK: 367 PC:  10 ALU: 1000000 	LD R2
  DEBUG   machine:simulation    TICK: 368 PC:  11 ALU: 1000000 	LD R1
  DEBUG   machine:simulation    TICK: 369 PC:  12 ALU: 1000000 	LD R6
  DEBUG   machine:simulation    TICK: 370 PC:  13 ALU: 1000000 	LD R10
  DEBUG   machine:simulation    TICK: 371 PC:  14 ALU: 1000000 	LD R7
  DEBUG   machine:simulation    TICK: 372 PC:  15 ALU: 1000000 	MOD R8
  DEBUG   machine:simulation    TICK: 373 PC:  16 ALU: 1000000 	LD R10
  DEBUG   machine:simulation    TICK: 374 PC:  17 ALU: 1000000 	CMP R6
  DEBUG   machine:simulation    TICK: 375 PC:  18 ALU: 0 	JE
  DEBUG   machine:simulation    TICK: 376 PC:  22 ALU: 0 	JMP
  DEBUG   machine:simulation    TICK: 377 PC:   4 ALU: 0 	LD R5
  DEBUG   machine:simulation    TICK: 378 PC:   5 ALU: 0 	CMP R5
  DEBUG   machine:simulation    TICK: 379 PC:   6 ALU: 1000000 	JG
  DEBUG   machine:simulation    TICK: 380 PC:   7 ALU: 1000000 	LD R4
  DEBUG   machine:simulation    TICK: 381 PC:   8 ALU: 1000000 	ADD R6
  DEBUG   machine:simulation    TICK: 382 PC:   9 ALU: 1000000 	LD R10
  DEBUG   machine:simulation    TICK: 383 PC:  10 ALU: 1000000 	LD R2
  DEBUG   machine:simulation    TICK: 384 PC:  11 ALU: 1000000 	LD R1
  DEBUG   machine:simulation    TICK: 385 PC:  12 ALU: 1000000 	LD R6
  DEBUG   machine:simulation    TICK: 386 PC:  13 ALU: 1000000 	LD R10
  DEBUG   machine:simulation    TICK: 387 PC:  14 ALU: 1000000 	LD R7
  DEBUG   machine:simulation    TICK: 388 PC:  15 ALU: 1000000 	MOD R8
  DEBUG   machine:simulation    TICK: 389 PC:  16 ALU: 1000000 	LD R10
  DEBUG   machine:simulation    TICK: 390 PC:  17 ALU: 1000000 	CMP R6
  DEBUG   machine:simulation    TICK: 391 PC:  18 ALU: 0 	JE
  DEBUG   machine:simulation    TICK: 392 PC:  22 ALU: 0 	JMP
  DEBUG   machine:simulation    TICK: 393 PC:   4 ALU: 0 	LD R5
  DEBUG   machine:simulation    TICK: 394 PC:   5 ALU: 0 	CMP R5
  DEBUG   machine:simulation    TICK: 395 PC:   6 ALU: 1000000 	JG
  DEBUG   machine:simulation    TICK: 396 PC:   7 ALU: 1000000 	LD R4
  DEBUG   machine:simulation    TICK: 397 PC:   8 ALU: 1000000 	ADD R6
  DEBUG   machine:simulation    TICK: 398 PC:   9 ALU: 1000000 	LD R10
  DEBUG   machine:simulation    TICK: 399 PC:  10 ALU: 1000000 	LD R2
  DEBUG   machine:simulation    TICK: 400 PC:  11 ALU: 1000000 	LD R1
  DEBUG   machine:simulation    TICK: 401 PC:  12 ALU: 1000000 	LD R6
  DEBUG   machine:simulation    TICK: 402 PC:  13 ALU: 1000000 	LD R10
  DEBUG   machine:simulation    TICK: 403 PC:  14 ALU: 1000000 	LD R7
  DEBUG   machine:simulation    TICK: 404 PC:  15 ALU: 1000000 	MOD R8
  DEBUG   machine:simulation    TICK: 405 PC:  16 ALU: 1000000 	LD R10
  DEBUG   machine:simulation    TICK: 406 PC:  17 ALU: 1000000 	CMP R6
  DEBUG   machine:simulation    TICK: 407 PC:  18 ALU: 0 	JE
  DEBUG   machine:simulation    TICK: 408 PC:  19 ALU: 0 	ADD R8
  DEBUG   machine:simulation    TICK: 409 PC:  20 ALU: 0 	LD R10
  DEBUG   machine:simulation    TICK: 410 PC:  21 ALU: 0 	LD R3
  DEBUG   machine:simulation    TICK: 411 PC:  22 ALU: 0 	JMP
  DEBUG   machine:simulation    TICK: 412 PC:   4 ALU: 0 	LD R5
  DEBUG   machine:simulation    TICK: 413 PC:   5 ALU: 0 	CMP R5
  DEBUG   machine:simulation    TICK: 414 PC:   6 ALU: 1000000 	JG
  DEBUG   machine:simulation    TICK: 415 PC:   7 ALU: 1000000 	LD R4
  DEBUG   machine:simulation    TICK: 416 PC:   8 ALU: 1000000 	ADD R6
  DEBUG   machine:simulation    TICK: 417 PC:   9 ALU: 1000000 	LD R10
  DEBUG   machine:simulation    TICK: 418 PC:  10 ALU: 1000000 	LD R2
  DEBUG   machine:simulation    TICK: 419 PC:  11 ALU: 1000000 	LD R1
  DEBUG   machine:simulation    TICK: 420 PC:  12 ALU: 1000000 	LD R6
  DEBUG   machine:simulation    TICK: 421 PC:  13 ALU: 1000000 	LD R10
  DEBUG   machine:simulation    TICK: 422 PC:  14 ALU: 1000000 	LD R7
  DEBUG   machine:simulation    TICK: 423 PC:  15 ALU: 1000000 	MOD R8
  DEBUG   machine:simulation    TICK: 424 PC:  16 ALU: 1000000 	LD R10
  DEBUG   machine:simulation    TICK: 425 PC:  17 ALU: 1000000 	CMP R6
  DEBUG   machine:simulation    TICK: 426 PC:  18 ALU: 0 	JE
  DEBUG   machine:simulation    TICK: 427 PC:  22 ALU: 0 	JMP
  DEBUG   machine:simulation    TICK: 428 PC:   4 ALU: 0 	LD R5
  DEBUG   machine:simulation    TICK: 429 PC:   5 ALU: 0 	CMP R5
  DEBUG   machine:simulation    TICK: 430 PC:   6 ALU: 1000000 	JG
  DEBUG   machine:simulation    TICK: 431 PC:   7 ALU: 1000000 	LD R4
  DEBUG   machine:simulation    TICK: 432 PC:   8 ALU: 1000000 	ADD R6
  DEBUG   machine:simulation    TICK: 433 PC:   9 ALU: 1000000 	LD R10
  DEBUG   machine:simulation    TICK: 434 PC:  10 ALU: 1000000 	LD R2
  DEBUG   machine:simulation    TICK: 435 PC:  11 ALU: 1000000 	LD R1
  DEBUG   machine:simulation    TICK: 436 PC:  12 ALU: 1000000 	LD R6
  DEBUG   machine:simulation    TICK: 437 PC:  13 ALU: 1000000 	LD R10
  DEBUG   machine:simulation    TICK: 438 PC:  14 ALU: 1000000 	LD R7
  DEBUG   machine:simulation    TICK: 439 PC:  15 ALU: 1000000 	MOD R8
  DEBUG   machine:simulation    TICK: 440 PC:  16 ALU: 1000000 	LD R10
  DEBUG   machine:simulation    TICK: 441 PC:  17 ALU: 1000000 	CMP R6
  DEBUG   machine:simulation    TICK: 442 PC:  18 ALU: 0 	JE
  DEBUG   machine:simulation    TICK: 443 PC:  22 ALU: 0 	JMP
  DEBUG   machine:simulation    TICK: 444 PC:   4 ALU: 0 	LD R5
  DEBUG   machine:simulation    TICK: 445 PC:   5 ALU: 0 	CMP R5
  DEBUG   machine:simulation    TICK: 446 PC:   6 ALU: 1000000 	JG
  DEBUG   machine:simulation    TICK: 447 PC:   7 ALU: 1000000 	LD R4
  DEBUG   machine:simulation    TICK: 448 PC:   8 ALU: 1000000 	ADD R6
  DEBUG   machine:simulation    TICK: 449 PC:   9 ALU: 1000000 	LD R10
  DEBUG   machine:simulation    TICK: 450 PC:  10 ALU: 1000000 	LD R2
  DEBUG   machine:simulation    TICK: 451 PC:  11 ALU: 1000000 	LD R1
  DEBUG   machine:simulation    TICK: 452 PC:  12 ALU: 1000000 	LD R6
  DEBUG   machine:simulation    TICK: 453 PC:  13 ALU: 1000000 	LD R10
  DEBUG   machine:simulation    TICK: 454 PC:  14 ALU: 1000000 	LD R7
  DEBUG   machine:simulation    TICK: 455 PC:  15 ALU: 1000000 	MOD R8
  DEBUG   machine:simulation    TICK: 456 PC:  16 ALU: 1000000 	LD R10
  DEBUG   machine:simulation    TICK: 457 PC:  17 ALU: 1000000 	CMP R6
  DEBUG   machine:simulation    TICK: 458 PC:  18 ALU: 0 	JE
  DEBUG   machine:simulation    TICK: 459 PC:  19 ALU: 0 	ADD R8
  DEBUG   machine:simulation    TICK: 460 PC:  20 ALU: 0 	LD R10
  DEBUG   machine:simulation    TICK: 461 PC:  21 ALU: 0 	LD R3
  DEBUG   machine:simulation    TICK: 462 PC:  22 ALU: 0 	JMP
  DEBUG   machine:simulation    TICK: 463 PC:   4 ALU: 0 	LD R5
  DEBUG   machine:simulation    TICK: 464 PC:   5 ALU: 0 	CMP R5
  DEBUG   machine:simulation    TICK: 465 PC:   6 ALU: 1000000 	JG
  DEBUG   machine:simulation    TICK: 466 PC:   7 ALU: 1000000 	LD R4
  DEBUG   machine:simulation    TICK: 467 PC:   8 ALU: 1000000 	ADD R6
  DEBUG   machine:simulation    TICK: 468 PC:   9 ALU: 1000000 	LD R10
  DEBUG   machine:simulation    TICK: 469 PC:  10 ALU: 1000000 	LD R2
  DEBUG   machine:simulation    TICK: 470 PC:  11 ALU: 1000000 	LD R1
  DEBUG   machine:simulation    TICK: 471 PC:  12 ALU: 1000000 	LD R6
  DEBUG   machine:simulation    TICK: 472 PC:  13 ALU: 1000000 	LD R10
  DEBUG   machine:simulation    TICK: 473 PC:  14 ALU: 1000000 	LD R7
  DEBUG   machine:simulation    TICK: 474 PC:  15 ALU: 1000000 	MOD R8
  DEBUG   machine:simulation    TICK: 475 PC:  16 ALU: 1000000 	LD R10
  DEBUG   machine:simulation    TICK: 476 PC:  17 ALU: 1000000 	CMP R6
  DEBUG   machine:simulation    TICK: 477 PC:  18 ALU: 0 	JE
  DEBUG   machine:simulation    TICK: 478 PC:  22 ALU: 0 	JMP
  DEBUG   machine:simulation    TICK: 479 PC:   4 ALU: 0 	LD R5
  DEBUG   machine:simulation    TICK: 480 PC:   5 ALU: 0 	CMP R5
  DEBUG   machine:simulation    TICK: 481 PC:   6 ALU: 1000000 	JG
  DEBUG   machine:simulation    TICK: 482 PC:  23 ALU: 1000000 	OUT R3
  DEBUG   machine:signal_output output: '' << '1089154'
  DEBUG   machine:simulation    TICK: 483 PC:  24 ALU: 1000000 	HLT
  INFO    machine:simulation    output_buffer: '1089154'
